15:24:28.476 [main] DEBUG com.intuit.karate.Suite - [config] classpath:karate-config.js
15:24:29.987 [main] INFO  com.intuit.karate - karate.env system property was: null 
15:24:30.293 [main] DEBUG com.intuit.karate - request:
1 > GET https://jsonplaceholder.typicode.com/users
1 > Host: jsonplaceholder.typicode.com
1 > Connection: Keep-Alive
1 > User-Agent: Apache-HttpClient/4.5.13 (Java/11.0.16.1)
1 > Accept-Encoding: gzip,deflate


15:24:30.740 [main] DEBUG com.intuit.karate - response time in milliseconds: 444
1 < 200
1 < Date: Fri, 08 May 2026 20:24:30 GMT
1 < Content-Type: application/json; charset=utf-8
1 < Connection: keep-alive
1 < access-control-allow-credentials: true
1 < Cache-Control: max-age=43200
1 < etag: W/"160d-1eMSsxeJRfnVLRBmYJSbCiJZ1qQ"
1 < expires: -1
1 < nel: {"report_to":"heroku-nel","response_headers":["Via"],"max_age":3600,"success_fraction":0.01,"failure_fraction":0.1}
1 < pragma: no-cache
1 < report-to: {"group":"heroku-nel","endpoints":[{"url":"https://nel.heroku.com/reports?s=B%2FuQuBbpSjAYjlm%2F6L0%2Fq1k%2F9xvTexo8XnPe4S655Qk%3D\u0026sid=e11707d5-02a7-43ef-b45e-2cf4d2036f7d\u0026ts=1761678399"}],"max_age":3600}
1 < reporting-endpoints: heroku-nel="https://nel.heroku.com/reports?s=B%2FuQuBbpSjAYjlm%2F6L0%2Fq1k%2F9xvTexo8XnPe4S655Qk%3D&sid=e11707d5-02a7-43ef-b45e-2cf4d2036f7d&ts=1761678399"
1 < Server: cloudflare
1 < vary: Origin, Accept-Encoding
1 < via: 2.0 heroku-router
1 < x-content-type-options: nosniff
1 < x-powered-by: Express
1 < x-ratelimit-limit: 1000
1 < x-ratelimit-remaining: 999
1 < x-ratelimit-reset: 1761678430
1 < Age: 16153
1 < Accept-Ranges: bytes
1 < cf-cache-status: HIT
1 < Server-Timing: cfCacheStatus;desc="HIT"
1 < Server-Timing: cfEdge;dur=6,cfOrigin;dur=0
1 < CF-RAY: 9f8b303928587479-MIA
1 < alt-svc: h3=":443"; ma=86400
[
  {
    "id": 1,
    "name": "Leanne Graham",
    "username": "Bret",
    "email": "Sincere@april.biz",
    "address": {
      "street": "Kulas Light",
      "suite": "Apt. 556",
      "city": "Gwenborough",
      "zipcode": "92998-3874",
      "geo": {
        "lat": "-37.3159",
        "lng": "81.1496"
      }
    },
    "phone": "1-770-736-8031 x56442",
    "website": "hildegard.org",
    "company": {
      "name": "Romaguera-Crona",
      "catchPhrase": "Multi-layered client-server neural-net",
      "bs": "harness real-time e-markets"
    }
  },
  {
    "id": 2,
    "name": "Ervin Howell",
    "username": "Antonette",
    "email": "Shanna@melissa.tv",
    "address": {
      "street": "Victor Plains",
      "suite": "Suite 879",
      "city": "Wisokyburgh",
      "zipcode": "90566-7771",
      "geo": {
        "lat": "-43.9509",
        "lng": "-34.4618"
      }
    },
    "phone": "010-692-6593 x09125",
    "website": "anastasia.net",
    "company": {
      "name": "Deckow-Crist",
      "catchPhrase": "Proactive didactic contingency",
      "bs": "synergize scalable supply-chains"
    }
  },
  {
    "id": 3,
    "name": "Clementine Bauch",
    "username": "Samantha",
    "email": "Nathan@yesenia.net",
    "address": {
      "street": "Douglas Extension",
      "suite": "Suite 847",
      "city": "McKenziehaven",
      "zipcode": "59590-4157",
      "geo": {
        "lat": "-68.6102",
        "lng": "-47.0653"
      }
    },
    "phone": "1-463-123-4447",
    "website": "ramiro.info",
    "company": {
      "name": "Romaguera-Jacobson",
      "catchPhrase": "Face to face bifurcated interface",
      "bs": "e-enable strategic applications"
    }
  },
  {
    "id": 4,
    "name": "Patricia Lebsack",
    "username": "Karianne",
    "email": "Julianne.OConner@kory.org",
    "address": {
      "street": "Hoeger Mall",
      "suite": "Apt. 692",
      "city": "South Elvis",
      "zipcode": "53919-4257",
      "geo": {
        "lat": "29.4572",
        "lng": "-164.2990"
      }
    },
    "phone": "493-170-9623 x156",
    "website": "kale.biz",
    "company": {
      "name": "Robel-Corkery",
      "catchPhrase": "Multi-tiered zero tolerance productivity",
      "bs": "transition cutting-edge web services"
    }
  },
  {
    "id": 5,
    "name": "Chelsey Dietrich",
    "username": "Kamren",
    "email": "Lucio_Hettinger@annie.ca",
    "address": {
      "street": "Skiles Walks",
      "suite": "Suite 351",
      "city": "Roscoeview",
      "zipcode": "33263",
      "geo": {
        "lat": "-31.8129",
        "lng": "62.5342"
      }
    },
    "phone": "(254)954-1289",
    "website": "demarco.info",
    "company": {
      "name": "Keebler LLC",
      "catchPhrase": "User-centric fault-tolerant solution",
      "bs": "revolutionize end-to-end systems"
    }
  },
  {
    "id": 6,
    "name": "Mrs. Dennis Schulist",
    "username": "Leopoldo_Corkery",
    "email": "Karley_Dach@jasper.info",
    "address": {
      "street": "Norberto Crossing",
      "suite": "Apt. 950",
      "city": "South Christy",
      "zipcode": "23505-1337",
      "geo": {
        "lat": "-71.4197",
        "lng": "71.7478"
      }
    },
    "phone": "1-477-935-8478 x6430",
    "website": "ola.org",
    "company": {
      "name": "Considine-Lockman",
      "catchPhrase": "Synchronised bottom-line interface",
      "bs": "e-enable innovative applications"
    }
  },
  {
    "id": 7,
    "name": "Kurtis Weissnat",
    "username": "Elwyn.Skiles",
    "email": "Telly.Hoeger@billy.biz",
    "address": {
      "street": "Rex Trail",
      "suite": "Suite 280",
      "city": "Howemouth",
      "zipcode": "58804-1099",
      "geo": {
        "lat": "24.8918",
        "lng": "21.8984"
      }
    },
    "phone": "210.067.6132",
    "website": "elvis.io",
    "company": {
      "name": "Johns Group",
      "catchPhrase": "Configurable multimedia task-force",
      "bs": "generate enterprise e-tailers"
    }
  },
  {
    "id": 8,
    "name": "Nicholas Runolfsdottir V",
    "username": "Maxime_Nienow",
    "email": "Sherwood@rosamond.me",
    "address": {
      "street": "Ellsworth Summit",
      "suite": "Suite 729",
      "city": "Aliyaview",
      "zipcode": "45169",
      "geo": {
        "lat": "-14.3990",
        "lng": "-120.7677"
      }
    },
    "phone": "586.493.6943 x140",
    "website": "jacynthe.com",
    "company": {
      "name": "Abernathy Group",
      "catchPhrase": "Implemented secondary concept",
      "bs": "e-enable extensible e-tailers"
    }
  },
  {
    "id": 9,
    "name": "Glenna Reichert",
    "username": "Delphine",
    "email": "Chaim_McDermott@dana.io",
    "address": {
      "street": "Dayna Park",
      "suite": "Suite 449",
      "city": "Bartholomebury",
      "zipcode": "76495-3109",
      "geo": {
        "lat": "24.6463",
        "lng": "-168.8889"
      }
    },
    "phone": "(775)976-6794 x41206",
    "website": "conrad.com",
    "company": {
      "name": "Yost and Sons",
      "catchPhrase": "Switchable contextually-based project",
      "bs": "aggregate real-time technologies"
    }
  },
  {
    "id": 10,
    "name": "Clementina DuBuque",
    "username": "Moriah.Stanton",
    "email": "Rey.Padberg@karina.biz",
    "address": {
      "street": "Kattie Turnpike",
      "suite": "Suite 198",
      "city": "Lebsackbury",
      "zipcode": "31428-2261",
      "geo": {
        "lat": "-38.2386",
        "lng": "57.2232"
      }
    },
    "phone": "024-648-3804",
    "website": "ambrose.net",
    "company": {
      "name": "Hoeger LLC",
      "catchPhrase": "Centralized empowering task-force",
      "bs": "target end-to-end models"
    }
  }
]

15:24:30.826 [main] DEBUG com.intuit.karate - request:
2 > GET https://jsonplaceholder.typicode.com/users/1
2 > Host: jsonplaceholder.typicode.com
2 > Connection: Keep-Alive
2 > User-Agent: Apache-HttpClient/4.5.13 (Java/11.0.16.1)
2 > Accept-Encoding: gzip,deflate


15:24:31.069 [main] DEBUG com.intuit.karate - response time in milliseconds: 230
2 < 200
2 < Date: Fri, 08 May 2026 20:24:31 GMT
2 < Content-Type: application/json; charset=utf-8
2 < Transfer-Encoding: chunked
2 < Connection: keep-alive
2 < access-control-allow-credentials: true
2 < Cache-Control: max-age=43200
2 < etag: W/"1fd-+2Y3G3w049iSZtw5t1mzSnunngE"
2 < expires: -1
2 < nel: {"report_to":"heroku-nel","response_headers":["Via"],"max_age":3600,"success_fraction":0.01,"failure_fraction":0.1}
2 < pragma: no-cache
2 < report-to: {"group":"heroku-nel","endpoints":[{"url":"https://nel.heroku.com/reports?s=ZdOwnr6LW%2FtFbFh7JxejdcMmPbUsKKzVU0UFGQQnaf8%3D\u0026sid=e11707d5-02a7-43ef-b45e-2cf4d2036f7d\u0026ts=1778174665"}],"max_age":3600}
2 < reporting-endpoints: heroku-nel="https://nel.heroku.com/reports?s=ZdOwnr6LW%2FtFbFh7JxejdcMmPbUsKKzVU0UFGQQnaf8%3D&sid=e11707d5-02a7-43ef-b45e-2cf4d2036f7d&ts=1778174665"
2 < Server: cloudflare
2 < vary: Origin, Accept-Encoding
2 < via: 2.0 heroku-router
2 < x-content-type-options: nosniff
2 < x-powered-by: Express
2 < x-ratelimit-limit: 1000
2 < x-ratelimit-remaining: 967
2 < x-ratelimit-reset: 1778174700
2 < Age: 9702
2 < Server-Timing: cfCacheStatus;desc="HIT"
2 < Server-Timing: cfEdge;dur=4,cfOrigin;dur=0
2 < cf-cache-status: HIT
2 < CF-RAY: 9f8b303b5ea9b1f4-MIA
2 < alt-svc: h3=":443"; ma=86400
{
  "id": 1,
  "name": "Leanne Graham",
  "username": "Bret",
  "email": "Sincere@april.biz",
  "address": {
    "street": "Kulas Light",
    "suite": "Apt. 556",
    "city": "Gwenborough",
    "zipcode": "92998-3874",
    "geo": {
      "lat": "-37.3159",
      "lng": "81.1496"
    }
  },
  "phone": "1-770-736-8031 x56442",
  "website": "hildegard.org",
  "company": {
    "name": "Romaguera-Crona",
    "catchPhrase": "Multi-layered client-server neural-net",
    "bs": "harness real-time e-markets"
  }
}

15:24:31.085 [main] INFO  com.intuit.karate - karate.env system property was: null 
15:24:31.215 [main] DEBUG com.intuit.karate - request:
1 > POST https://jsonplaceholder.typicode.com/users
1 > Content-Type: application/json; charset=UTF-8
1 > Content-Length: 160
1 > Host: jsonplaceholder.typicode.com
1 > Connection: Keep-Alive
1 > User-Agent: Apache-HttpClient/4.5.13 (Java/11.0.16.1)
1 > Accept-Encoding: gzip,deflate
{"name":"Test User","username":"testuser","email":"test@user.com","address":{"street":"Has No Name","suite":"Apt. 123","city":"Electri","zipcode":"54321-6789"}}

15:24:31.459 [main] DEBUG com.intuit.karate - response time in milliseconds: 243
1 < 201
1 < Date: Fri, 08 May 2026 20:24:31 GMT
1 < Content-Type: application/json; charset=utf-8
1 < Content-Length: 216
1 < Connection: keep-alive
1 < access-control-allow-credentials: true
1 < access-control-expose-headers: Location
1 < Cache-Control: no-cache
1 < etag: W/"d8-pYV7+YuMGP2hxHPU9ARrf97ifDA"
1 < expires: -1
1 < location: https://jsonplaceholder.typicode.com/users/11
1 < nel: {"report_to":"heroku-nel","response_headers":["Via"],"max_age":3600,"success_fraction":0.01,"failure_fraction":0.1}
1 < pragma: no-cache
1 < report-to: {"group":"heroku-nel","endpoints":[{"url":"https://nel.heroku.com/reports?s=fb1wafU8oFoGGTJW27106sPh7oUMumzvXmJ3n8ChiBg%3D\u0026sid=e11707d5-02a7-43ef-b45e-2cf4d2036f7d\u0026ts=1778271871"}],"max_age":3600}
1 < reporting-endpoints: heroku-nel="https://nel.heroku.com/reports?s=fb1wafU8oFoGGTJW27106sPh7oUMumzvXmJ3n8ChiBg%3D&sid=e11707d5-02a7-43ef-b45e-2cf4d2036f7d&ts=1778271871"
1 < Server: cloudflare
1 < vary: Origin, X-HTTP-Method-Override, Accept-Encoding
1 < via: 2.0 heroku-router
1 < x-content-type-options: nosniff
1 < x-powered-by: Express
1 < x-ratelimit-limit: 1000
1 < x-ratelimit-remaining: 999
1 < x-ratelimit-reset: 1778271889
1 < cf-cache-status: DYNAMIC
1 < Server-Timing: cfCacheStatus;desc="DYNAMIC"
1 < Server-Timing: cfEdge;dur=2,cfOrigin;dur=24
1 < CF-RAY: 9f8b303dabea9341-MIA
1 < alt-svc: h3=":443"; ma=86400
{
  "name": "Test User",
  "username": "testuser",
  "email": "test@user.com",
  "address": {
    "street": "Has No Name",
    "suite": "Apt. 123",
    "city": "Electri",
    "zipcode": "54321-6789"
  },
  "id": 11
}

15:24:31.464 [main] INFO  com.intuit.karate - [print] created id is:  11 
15:24:32.710 [main] INFO  com.intuit.karate.Suite - <<pass>> feature 1 of 1 (0 remaining) src/test/java/examples/users/users.feature
15:24:48.297 [main] DEBUG com.intuit.karate.Suite - [config] classpath:karate-config.js
15:24:48.302 [main] INFO  com.intuit.karate.Suite - backed up existing 'target/karate-reports' dir to: target/karate-reports_1778271888302
15:24:48.338 [main] INFO  c.intuit.karate.core.FeatureRuntime - found scenario at line: 11 - ^CP02 - Crear una orden$
15:24:49.874 [main] INFO  com.intuit.karate - karate.env system property was: null 
15:24:50.327 [main] DEBUG com.intuit.karate - request:
1 > POST https://petstore.swagger.io/v2/store/order
1 > Content-Type: application/json; charset=UTF-8
1 > Content-Length: 106
1 > Host: petstore.swagger.io
1 > Connection: Keep-Alive
1 > User-Agent: Apache-HttpClient/4.5.13 (Java/11.0.16.1)
1 > Accept-Encoding: gzip,deflate
{"id":12,"petId":100,"quantity":5,"shipDate":"2026-06-01T00:00:00.000Z","status":"placed","complete":true}

15:24:51.113 [main] DEBUG com.intuit.karate - response time in milliseconds: 783
1 < 200
1 < Date: Fri, 08 May 2026 20:24:51 GMT
1 < Content-Type: application/json
1 < Transfer-Encoding: chunked
1 < Connection: keep-alive
1 < Access-Control-Allow-Origin: *
1 < Access-Control-Allow-Methods: GET, POST, DELETE, PUT
1 < Access-Control-Allow-Headers: Content-Type, api_key, Authorization
1 < Server: Jetty(9.2.9.v20150224)
{"id":12,"petId":100,"quantity":5,"shipDate":"2026-06-01T00:00:00.000+0000","status":"placed","complete":true}

15:24:51.118 [main] ERROR com.intuit.karate - src/test/java/examples/petstore/store.feature:28
* match response.contains
"""
{
  id: 12,
  petId: 100,
  quantity: 5,
  status: 'placed',
  complete: true }
"""
syntax error, expected '==' for match
src/test/java/examples/petstore/store.feature:28
15:24:52.114 [main] INFO  com.intuit.karate.Suite - <<fail>> feature 1 of 1 (0 remaining) src/test/java/examples/petstore/store.feature
15:28:03.329 [main] ERROR com.intuit.karate.core.FeatureParser - not a valid feature file: src/test/java/examples/petstore/store.feature - mismatched input '{' expecting <EOF>
15:30:30.257 [main] ERROR com.intuit.karate.core.FeatureParser - not a valid feature file: src/test/java/examples/petstore/store.feature - mismatched input '{' expecting <EOF>
15:31:56.926 [main] ERROR com.intuit.karate.core.FeatureParser - not a valid feature file: src/test/java/examples/petstore/store.feature - mismatched input '{' expecting <EOF>
15:32:19.793 [main] DEBUG com.intuit.karate.Suite - [config] classpath:karate-config.js
15:32:19.799 [main] INFO  com.intuit.karate.Suite - backed up existing 'target/karate-reports' dir to: target/karate-reports_1778272339799
15:32:19.835 [main] INFO  c.intuit.karate.core.FeatureRuntime - found scenario at line: 11 - ^CP02 - Crear una orden$
15:32:21.265 [main] INFO  com.intuit.karate - karate.env system property was: null 
15:32:21.796 [main] DEBUG com.intuit.karate - request:
1 > POST https://petstore.swagger.io/v2/store/order
1 > Content-Type: application/json; charset=UTF-8
1 > Content-Length: 106
1 > Host: petstore.swagger.io
1 > Connection: Keep-Alive
1 > User-Agent: Apache-HttpClient/4.5.13 (Java/11.0.16.1)
1 > Accept-Encoding: gzip,deflate
{"id":12,"petId":100,"quantity":5,"shipDate":"2026-06-01T00:00:00.000Z","status":"placed","complete":true}

15:32:22.654 [main] DEBUG com.intuit.karate - response time in milliseconds: 855
1 < 200
1 < Date: Fri, 08 May 2026 20:32:22 GMT
1 < Content-Type: application/json
1 < Transfer-Encoding: chunked
1 < Connection: keep-alive
1 < Access-Control-Allow-Origin: *
1 < Access-Control-Allow-Methods: GET, POST, DELETE, PUT
1 < Access-Control-Allow-Headers: Content-Type, api_key, Authorization
1 < Server: Jetty(9.2.9.v20150224)
{"id":12,"petId":100,"quantity":5,"shipDate":"2026-06-01T00:00:00.000+0000","status":"placed","complete":true}

15:32:22.690 [main] INFO  com.intuit.karate - [print] {
  "id": 12,
  "petId": 100,
  "quantity": 5,
  "shipDate": "2026-06-01T00:00:00.000+0000",
  "status": "placed",
  "complete": true
}
 
15:32:23.749 [main] INFO  com.intuit.karate.Suite - <<pass>> feature 1 of 1 (0 remaining) src/test/java/examples/petstore/store.feature
15:38:12.236 [main] DEBUG com.intuit.karate.Suite - [config] classpath:karate-config.js
15:38:12.243 [main] INFO  com.intuit.karate.Suite - backed up existing 'target/karate-reports' dir to: target/karate-reports_1778272692242
15:38:12.286 [main] INFO  c.intuit.karate.core.FeatureRuntime - found scenario at line: 31 - ^CP02\.1 - Crear una orden$
15:38:14.131 [main] INFO  com.intuit.karate - karate.env system property was: null 
15:38:14.810 [main] DEBUG com.intuit.karate - request:
1 > POST https://petstore.swagger.io/v2/store/order
1 > Content-Type: application/json; charset=UTF-8
1 > Content-Length: 106
1 > Host: petstore.swagger.io
1 > Connection: Keep-Alive
1 > User-Agent: Apache-HttpClient/4.5.13 (Java/11.0.16.1)
1 > Accept-Encoding: gzip,deflate
{"id":12,"petId":100,"quantity":5,"shipDate":"2026-06-01T00:00:00.000Z","status":"placed","complete":true}

15:38:15.626 [main] DEBUG com.intuit.karate - response time in milliseconds: 814
1 < 200
1 < Date: Fri, 08 May 2026 20:38:15 GMT
1 < Content-Type: application/json
1 < Transfer-Encoding: chunked
1 < Connection: keep-alive
1 < Access-Control-Allow-Origin: *
1 < Access-Control-Allow-Methods: GET, POST, DELETE, PUT
1 < Access-Control-Allow-Headers: Content-Type, api_key, Authorization
1 < Server: Jetty(9.2.9.v20150224)
{"id":12,"petId":100,"quantity":5,"shipDate":"2026-06-01T00:00:00.000+0000","status":"placed","complete":true}

15:38:15.631 [main] ERROR com.intuit.karate - src/test/java/examples/petstore/store.feature:48
And match response constains {"id" : 12, "petId": 100, "quantity": 5, "status": "placed", "complete": true}
no step-definition method match found for: match response constains {"id" : 12, "petId": 100, "quantity": 5, "status": "placed", "complete": true}
src/test/java/examples/petstore/store.feature:48
15:38:16.837 [main] INFO  com.intuit.karate.Suite - <<fail>> feature 1 of 1 (0 remaining) src/test/java/examples/petstore/store.feature
15:40:34.397 [main] DEBUG com.intuit.karate.Suite - [config] classpath:karate-config.js
15:40:34.404 [main] INFO  com.intuit.karate.Suite - backed up existing 'target/karate-reports' dir to: target/karate-reports_1778272834403
15:40:34.447 [main] INFO  c.intuit.karate.core.FeatureRuntime - found scenario at line: 31 - ^CP02\.1 - Crear una orden$
15:40:36.499 [main] INFO  com.intuit.karate - karate.env system property was: null 
15:40:37.069 [main] DEBUG com.intuit.karate - request:
1 > POST https://petstore.swagger.io/v2/store/order
1 > Content-Type: application/json; charset=UTF-8
1 > Content-Length: 106
1 > Host: petstore.swagger.io
1 > Connection: Keep-Alive
1 > User-Agent: Apache-HttpClient/4.5.13 (Java/11.0.16.1)
1 > Accept-Encoding: gzip,deflate
{"id":12,"petId":100,"quantity":5,"shipDate":"2026-06-01T00:00:00.000Z","status":"placed","complete":true}

15:40:37.798 [main] DEBUG com.intuit.karate - response time in milliseconds: 726
1 < 200
1 < Date: Fri, 08 May 2026 20:40:37 GMT
1 < Content-Type: application/json
1 < Transfer-Encoding: chunked
1 < Connection: keep-alive
1 < Access-Control-Allow-Origin: *
1 < Access-Control-Allow-Methods: GET, POST, DELETE, PUT
1 < Access-Control-Allow-Headers: Content-Type, api_key, Authorization
1 < Server: Jetty(9.2.9.v20150224)
{"id":12,"petId":100,"quantity":5,"shipDate":"2026-06-01T00:00:00.000+0000","status":"placed","complete":true}

15:40:37.821 [main] INFO  com.intuit.karate - [print] {
  "id": 12,
  "petId": 100,
  "quantity": 5,
  "shipDate": "2026-06-01T00:00:00.000+0000",
  "status": "placed",
  "complete": true
}
 
15:40:38.799 [main] INFO  com.intuit.karate.Suite - <<pass>> feature 1 of 1 (0 remaining) src/test/java/examples/petstore/store.feature
